// Jest Snapshot v1, https://goo.gl/fbAQLP

exports[`Ordered List component should render 1`] = `
.emotion-0 {
  list-style-type: decimal;
  padding-left: 20px;
  margin-top: 8px;
  margin-left: 16px;
}

.emotion-0 li {
  margin: 2px 0;
}

<div>
  <ol
    class="emotion-0"
  >
    <li>
      Test
    </li>
  </ol>
</div>
`;
