// Jest Snapshot v1, https://goo.gl/fbAQLP

exports[`Paragraph component should render 1`] = `
.emotion-0 {
  line-height: 28px;
  margin: 8px 0;
}

<div>
  <p
    class="emotion-0"
  >
    Test
  </p>
</div>
`;
